Microchip MPLAB XC8 Compiler V2.35

Linker command line:

-W-3 --edf=C:\Program Files\Microchip\xc8\v2.35\pic\dat\en_msgs.txt -cn \
  -h+dist/default/production\Laboratorio_08.X.production.sym \
  --cmf=dist/default/production\Laboratorio_08.X.production.cmf -z -Q16F887 \
  -oC:\Users\HP\AppData\Local\Temp\xcAs1b8.4 --defsym=__MPLAB_BUILD=1 \
  -Mdist/default/production/Laboratorio_08.X.production.map \
  --md=C:\Users\HP\AppData\Local\Temp\xcAs1b8.dat -E1 -ver=XC8 Compiler \
  --acfsm=1493 -ACODE=00h-07FFhx4 -ASTRCODE=00h-01FFFh -ASTRING=00h-0FFhx32 \
  -ACONST=00h-0FFhx32 -AENTRY=00h-0FFhx32 -ACOMMON=070h-07Fh \
  -ABANK0=020h-06Fh -ABANK1=0A0h-0EFh -ABANK2=0110h-016Fh \
  -ABANK3=0190h-01EFh -ARAM=020h-06Fh,0A0h-0EFh,0110h-016Fh,0190h-01EFh \
  -AABS1=020h-07Fh,0A0h-0EFh,0110h-016Fh,0190h-01EFh -ASFR0=00h-01Fh \
  -ASFR1=080h-09Fh -ASFR2=0100h-010Fh -ASFR3=0180h-018Fh \
  -ACONFIG=02007h-02008h -DCONFIG=2 -AIDLOC=02000h-02003h -DIDLOC=2 \
  -AEEDATA=00h-0FFh/02100h -peeprom_data=EEDATA -DEEDATA=2 -DCODE=2 \
  -DSTRCODE=2 -DSTRING=2 -DCONST=2 -DENTRY=2 \
  -preset_vec=00h,intentry=04h,init,end_init -ppowerup=CODE -pcinit=CODE \
  -pfunctab=ENTRY -k C:\Users\HP\AppData\Local\Temp\xcAs1b8.o \
  dist/default/production\Laboratorio_08.X.production.o 

Object code version is 3.11

Machine type is 16F887



                Name                               Link     Load   Length Selector   Space Scale
C:\Users\HP\AppData\Local\Temp\xcAs1b8.o
                end_init                             10       10        3        8       0
                reset_vec                             0        0        3        0       0
                config                             2007     2007        2        0       4
                idloc                              2000     2000        4        0       5
dist/default/production\Laboratorio_08.X.production.o
                cinit                                13       13        B        8       0
                intentry                              4        4        C        8       0
                config                             2007     2007        2        0       4
                idloc                              2000     2000        4        0       5
                text10                              BB4      BB4       82     1768       0
                text9                               607      607      1DD        8       0
                text8                               B4A      B4A       29     1694       0
                text7                                1E       1E      361        8       0
                text6                               37F      37F      288        8       0
                text5                               AFF      AFF       24     15FE       0
                text4                               C36      C36       92     186C       0
                text3                               B23      B23       27     1646       0
                text2                               CC8      CC8       BC     1990       0
                text1                               B73      B73       41     16E6       0
                maintext                            D84      D84      27C     1B08       0
                cstackBANK0                          20       20       50       20       1
                cstackCOMMON                         70       70        7       70       1
                cstackBANK1                          A0       A0       14       A0       1
                bssBANK1                             B4       B4        4       A0       1
                bssCOMMON                            77       77        1       70       1
                strings                             7E4      7E4       16      FC8       0

TOTAL           Name                               Link     Load   Length     Space
        CLASS   CODE           
                end_init                             10       10        3         0
                cinit                                13       13        B         0
                intentry                              4        4        C         0
                reset_vec                             0        0        3         0
                text10                              BB4      BB4       82         0
                text9                               607      607      1DD         0
                text8                               B4A      B4A       29         0
                text7                                1E       1E      361         0
                text6                               37F      37F      288         0
                text5                               AFF      AFF       24         0
                text4                               C36      C36       92         0
                text3                               B23      B23       27         0
                text2                               CC8      CC8       BC         0
                text1                               B73      B73       41         0
                maintext                            D84      D84      27C         0

        CLASS   STRCODE        

        CLASS   STRING         
                strings                             7E4      7E4       16         0

        CLASS   CONST          

        CLASS   ENTRY          

        CLASS   COMMON         
                cstackCOMMON                         70       70        7         1
                bssCOMMON                            77       77        1         1

        CLASS   BANK0          
                cstackBANK0                          20       20       50         1

        CLASS   BANK1          
                cstackBANK1                          A0       A0       14         1
                bssBANK1                             B4       B4        4         1

        CLASS   BANK2          

        CLASS   BANK3          

        CLASS   RAM            

        CLASS   ABS1           
                abs_s1                               7E       7E        2         1

        CLASS   SFR0           

        CLASS   SFR1           

        CLASS   SFR2           

        CLASS   SFR3           

        CLASS   CONFIG         
                config                             2007     2007        2         4

        CLASS   IDLOC          
                idloc                              2000     2000        4         5

        CLASS   EEDATA         

        CLASS   STACK          



SEGMENTS        Name                           Load    Length   Top    Selector   Space  Class     Delta

                reset_vec                      000000  000003  000003         0       0  CODE        2
                intentry                       000004  0007E0  0007E4         8       0  CODE        2
                cstackBANK0                    000020  000050  000070        20       1  BANK0       1
                cstackCOMMON                   000070  000008  000078        70       1  COMMON      1
                cstackBANK1                    0000A0  000018  0000B8        A0       1  BANK1       1
                strings                        0007E4  000016  0007FA       FC8       0  STRING      2
                text5                          000AFF  000024  000B23      15FE       0  CODE        2
                text3                          000B23  000027  000B4A      1646       0  CODE        2
                text8                          000B4A  000029  000B73      1694       0  CODE        2
                text1                          000B73  000041  000BB4      16E6       0  CODE        2
                text10                         000BB4  000082  000C36      1768       0  CODE        2
                text4                          000C36  000092  000CC8      186C       0  CODE        2
                text2                          000CC8  0000BC  000D84      1990       0  CODE        2
                maintext                       000D84  00027C  001000      1B08       0  CODE        2


UNUSED ADDRESS RANGES

        Name                Unused          Largest block    Delta
        BANK1            00B8-00EF             38           1
        BANK2            0110-016F             60           1
        BANK3            0190-01EF             60           1
        CODE             0003-0003              1           2
                         07FA-0AFE              6
                         1000-1FFF            800
        COMMON           0078-007D              6           1
        CONST            0003-0003              1           2
                         07FA-0AFE            100
                         1000-1FFF            100
        EEDATA           2100-21FF            100           2
        ENTRY            0003-0003              1           2
                         07FA-0AFE            100
                         1000-1FFF            100
        RAM              00B8-00EF             38           1
                         0110-016F             60
                         0190-01EF             60
        SFR0             0000-001F             20           1
        SFR1             0080-009F             20           1
        SFR2             0100-010F             10           1
        SFR3             0180-018F             10           1
        STRCODE          0003-0003              1           2
                         07FA-0AFE            305
                         1000-1FFF           1000
        STRING           0003-0003              1           2
                         07FA-0AFE            100
                         1000-1FFF            100

                                  Symbol Table

?__Umul8_16              cstackCOMMON 0075
?___fladd                cstackBANK0  0020
?___fldiv                cstackBANK0  0054
?___flmul                cstackBANK0  0032
?___flsub                cstackBANK0  004C
?___fltol                cstackBANK1  00A0
?___wmul                 cstackBANK0  0020
?___xxtofl               cstackBANK0  0024
_ADCON0bits              (abs)        001F
_ADCON1bits              (abs)        009F
_ADRESH                  (abs)        001E
_ANSEL                   (abs)        0188
_ANSELH                  (abs)        0189
_INTCONbits              (abs)        000B
_OPTION_REGbits          (abs)        0081
_OSCCONbits              (abs)        008F
_PIE1bits                (abs)        008C
_PIR1bits                (abs)        000C
_PORTA                   (abs)        0005
_PORTB                   (abs)        0006
_PORTC                   (abs)        0007
_PORTD                   (abs)        0008
_RC0                     (abs)        0038
_RD0                     (abs)        0040
_RD1                     (abs)        0041
_RD2                     (abs)        0042
_TMR0                    (abs)        0001
_TRISA                   (abs)        0085
_TRISB                   (abs)        0086
_TRISC                   (abs)        0087
_TRISD                   (abs)        0088
__Habs1                  abs1         0000
__Hbank0                 bank0        0000
__Hbank1                 bank1        0000
__Hbank2                 bank2        0000
__Hbank3                 bank3        0000
__HbssBANK1              bssBANK1     0000
__HbssCOMMON             bssCOMMON    0000
__Hcinit                 cinit        001E
__Hclrtext               clrtext      0000
__Hcode                  code         0000
__Hcommon                common       0000
__Hconfig                config       2009
__HcstackBANK0           cstackBANK0  0000
__HcstackBANK1           cstackBANK1  0000
__HcstackCOMMON          cstackCOMMON 0000
__Heeprom_data           eeprom_data  0000
__Hend_init              end_init     0013
__Hfunctab               functab      0000
__Hidloc                 idloc        2004
__Hinit                  init         0010
__Hintentry              intentry     0010
__Hmaintext              maintext     0000
__Hpowerup               powerup      0000
__Hram                   ram          0000
__Hreset_vec             reset_vec    0003
__Hsfr0                  sfr0         0000
__Hsfr1                  sfr1         0000
__Hsfr2                  sfr2         0000
__Hsfr3                  sfr3         0000
__Hspace_0               (abs)        1000
__Hspace_1               (abs)        00B8
__Hspace_2               (abs)        0000
__Hspace_3               (abs)        0000
__Hspace_4               (abs)        4010
__Hstack                 stack        0000
__Hstrings               strings      0000
__Htext                  text         0000
__Labs1                  abs1         0000
__Lbank0                 bank0        0000
__Lbank1                 bank1        0000
__Lbank2                 bank2        0000
__Lbank3                 bank3        0000
__LbssBANK1              bssBANK1     0000
__LbssCOMMON             bssCOMMON    0000
__Lcinit                 cinit        0013
__Lclrtext               clrtext      0000
__Lcode                  code         0000
__Lcommon                common       0000
__Lconfig                config       0000
__LcstackBANK0           cstackBANK0  0000
__LcstackBANK1           cstackBANK1  0000
__LcstackCOMMON          cstackCOMMON 0000
__Leeprom_data           eeprom_data  0000
__Lend_init              end_init     0010
__Lfunctab               functab      0000
__Lidloc                 idloc        0000
__Linit                  init         0010
__Lintentry              intentry     0004
__Lmaintext              maintext     0000
__Lpowerup               powerup      0000
__Lram                   ram          0000
__Lreset_vec             reset_vec    0000
__Lsfr0                  sfr0         0000
__Lsfr1                  sfr1         0000
__Lsfr2                  sfr2         0000
__Lsfr3                  sfr3         0000
__Lspace_0               (abs)        0000
__Lspace_1               (abs)        0000
__Lspace_2               (abs)        0000
__Lspace_3               (abs)        0000
__Lspace_4               (abs)        0000
__Lstack                 stack        0000
__Lstrings               strings      0000
__Ltext                  text         0000
__S0                     (abs)        1000
__S1                     (abs)        00B8
__S3                     (abs)        0000
__Umul8_16               text8        0B4A
__Umul8_16@multiplicand  cstackCOMMON 0075
__Umul8_16@multiplier    cstackBANK0  0026
__Umul8_16@product       cstackBANK0  0022
__Umul8_16@word_mpld     cstackBANK0  0024
___fladd                 text6        037F
___fladd@a               cstackBANK0  0024
___fladd@aexp            cstackBANK0  0031
___fladd@b               cstackBANK0  0020
___fladd@bexp            cstackBANK0  0032
___fladd@grs             cstackBANK0  0033
___fladd@signs           cstackBANK0  0030
___fldiv                 text9        0607
___fldiv@a               cstackBANK0  0054
___fldiv@aexp            cstackBANK0  006D
___fldiv@b               cstackBANK0  0058
___fldiv@bexp            cstackBANK0  006C
___fldiv@grs             cstackBANK0  0068
___fldiv@new_exp         cstackBANK0  0066
___fldiv@rem             cstackBANK0  0061
___fldiv@sign            cstackBANK0  0065
___flmul                 text7        001E
___flmul@a               cstackBANK0  0036
___flmul@aexp            cstackBANK0  0040
___flmul@b               cstackBANK0  0032
___flmul@bexp            cstackBANK0  0045
___flmul@grs             cstackBANK0  0041
___flmul@prod            cstackBANK0  0046
___flmul@sign            cstackBANK0  003F
___flmul@temp            cstackBANK0  004A
___flsub                 text5        0AFF
___flsub@a               cstackBANK0  004C
___flsub@b               cstackBANK0  0050
___fltol                 text4        0C36
___fltol@exp1            cstackBANK0  006F
___fltol@f1              cstackBANK1  00A0
___fltol@sign1           cstackBANK0  006E
___int_sp                stack        0000
___latbits               (abs)        0002
___sp                    stack        0000
___stackhi               (abs)        0000
___stacklo               (abs)        0000
___wmul                  text3        0B23
___wmul@multiplicand     cstackBANK0  0022
___wmul@multiplier       cstackBANK0  0020
___wmul@product          cstackCOMMON 0075
___xxtofl                text2        0CC8
___xxtofl@arg            cstackBANK0  002E
___xxtofl@exp            cstackBANK0  002D
___xxtofl@sign           cstackBANK0  002C
___xxtofl@val            cstackBANK0  0024
__end_of__Umul8_16       text8        0B73
__end_of___fladd         text6        0607
__end_of___fldiv         text9        07E4
__end_of___flmul         text7        037F
__end_of___flsub         text5        0B23
__end_of___fltol         text4        0CC8
__end_of___wmul          text3        0B4A
__end_of___xxtofl        text2        0D84
__end_of__initialization cinit        001A
__end_of__stringtab      strings      07EA
__end_of_isr             text10       0C36
__end_of_main            maintext     1000
__end_of_setup           text1        0BB4
__end_of_tabla           strings      07FA
__initialization         cinit        0013
__pbssBANK1              bssBANK1     00B4
__pbssCOMMON             bssCOMMON    0077
__pcstackBANK0           cstackBANK0  0020
__pcstackBANK1           cstackBANK1  00A0
__pcstackCOMMON          cstackCOMMON 0070
__pintentry              intentry     0004
__pmaintext              maintext     0D84
__pstrings               strings      07E4
__ptext1                 text1        0B73
__ptext10                text10       0BB4
__ptext2                 text2        0CC8
__ptext3                 text3        0B23
__ptext4                 text4        0C36
__ptext5                 text5        0AFF
__ptext6                 text6        037F
__ptext7                 text7        001E
__ptext8                 text8        0B4A
__ptext9                 text9        0607
__stringbase             strings      07E9
__stringtab              strings      07E4
_centena                 bssBANK1     00B5
_decena                  bssBANK1     00B6
_display                 bssCOMMON    0077
_isr                     text10       0BB4
_main                    maintext     0D84
_main$882                cstackBANK1  00B0
_pot2                    bssBANK1     00B4
_setup                   text1        0B73
_tabla                   strings      07EA
_unidad                  bssBANK1     00B7
btemp                    (abs)        007E
end_of_initialization    cinit        001A
interrupt_function       intentry     0004
intlevel0                functab      0000
intlevel1                functab      0000
intlevel2                functab      0000
intlevel3                functab      0000
intlevel4                functab      0000
intlevel5                functab      0000
reset_vec                reset_vec    0000
saved_w                  (abs)        007E
start                    init         0010
start_initialization     cinit        0013
wtemp0                   (abs)        007E


MODULE INFORMATION

Module		Function		Class		Link	Load	Size
C:\Program Files\Microchip\xc8\v2.35\pic\sources\c90\common\xxtofl.c
		___xxtofl      		CODE           	0CC8	0000	188

C:\Program Files\Microchip\xc8\v2.35\pic\sources\c90\common\xxtofl.c estimated size: 188

C:\Program Files\Microchip\xc8\v2.35\pic\sources\c90\common\fltol.c
		___fltol       		CODE           	0C36	0000	146

C:\Program Files\Microchip\xc8\v2.35\pic\sources\c90\common\fltol.c estimated size: 146

C:\Program Files\Microchip\xc8\v2.35\pic\sources\c90\common\sprcmul.c
		___flmul       		CODE           	001E	0000	865

C:\Program Files\Microchip\xc8\v2.35\pic\sources\c90\common\sprcmul.c estimated size: 865

C:\Program Files\Microchip\xc8\v2.35\pic\sources\c90\common\sprcdiv.c
		___fldiv       		CODE           	0607	0000	477

C:\Program Files\Microchip\xc8\v2.35\pic\sources\c90\common\sprcdiv.c estimated size: 477

shared
		__stringtab    		STRING         	07E4	0000	6
		__initialization		CODE           	0013	0000	7
		_tabla         		STRING         	07EA	0000	16

shared estimated size: 29

ADC.c
		_main          		CODE           	0D84	0000	636
		_isr           		CODE           	0BB4	0000	130
		_setup         		CODE           	0B73	0000	65

ADC.c estimated size: 831

C:\Program Files\Microchip\xc8\v2.35\pic\sources\c90\common\Umul16.c
		___wmul        		CODE           	0B23	0000	39

C:\Program Files\Microchip\xc8\v2.35\pic\sources\c90\common\Umul16.c estimated size: 39

C:\Program Files\Microchip\xc8\v2.35\pic\sources\c90\common\Umul8_16.c
		__Umul8_16     		CODE           	0B4A	0000	41

C:\Program Files\Microchip\xc8\v2.35\pic\sources\c90\common\Umul8_16.c estimated size: 41

C:\Program Files\Microchip\xc8\v2.35\pic\sources\c90\common\sprcadd.c
		___flsub       		CODE           	0AFF	0000	36
		___fladd       		CODE           	037F	0000	648

C:\Program Files\Microchip\xc8\v2.35\pic\sources\c90\common\sprcadd.c estimated size: 684

