Microchip MPLAB XC8 Compiler V2.35

Linker command line:

-W-3 --edf=C:\Program Files\Microchip\xc8\v2.35\pic\dat\en_msgs.txt -cn \
  -h+dist/default/production\Esclavo_2.X.production.sym \
  --cmf=dist/default/production\Esclavo_2.X.production.cmf -z -Q16F887 \
  -oC:\Users\HP\AppData\Local\Temp\xcAsurk.4 --defsym=__MPLAB_BUILD=1 \
  -Mdist/default/production/Esclavo_2.X.production.map \
  --md=C:\Users\HP\AppData\Local\Temp\xcAsurk.dat -E1 -ver=XC8 Compiler \
  --acfsm=1493 -ACODE=00h-07FFhx4 -ASTRCODE=00h-01FFFh -ASTRING=00h-0FFhx32 \
  -ACONST=00h-0FFhx32 -AENTRY=00h-0FFhx32 -ACOMMON=070h-07Fh \
  -ABANK0=020h-06Fh -ABANK1=0A0h-0EFh -ABANK2=0110h-016Fh \
  -ABANK3=0190h-01EFh -ARAM=020h-06Fh,0A0h-0EFh,0110h-016Fh,0190h-01EFh \
  -AABS1=020h-07Fh,0A0h-0EFh,0110h-016Fh,0190h-01EFh -ASFR0=00h-01Fh \
  -ASFR1=080h-09Fh -ASFR2=0100h-010Fh -ASFR3=0180h-018Fh \
  -ACONFIG=02007h-02008h -DCONFIG=2 -AIDLOC=02000h-02003h -DIDLOC=2 \
  -AEEDATA=00h-0FFh/02100h -peeprom_data=EEDATA -DEEDATA=2 -DCODE=2 \
  -DSTRCODE=2 -DSTRING=2 -DCONST=2 -DENTRY=2 \
  -preset_vec=00h,intentry=04h,init,end_init -ppowerup=CODE -pcinit=CODE \
  -pfunctab=ENTRY -k C:\Users\HP\AppData\Local\Temp\xcAsurk.o \
  dist/default/production\Esclavo_2.X.production.o 

Object code version is 3.11

Machine type is 16F887



                Name                               Link     Load   Length Selector   Space Scale
C:\Users\HP\AppData\Local\Temp\xcAsurk.o
                end_init                              C        C        3        8       0
                reset_vec                             0        0        3        0       0
                config                             2007     2007        2        0       4
                idloc                              2000     2000        4        0       5
dist/default/production\Esclavo_2.X.production.o
                cinit                                 F        F        F        8       0
                intentry                              4        4        8        8       0
                config                             2007     2007        2        0       4
                idloc                              2000     2000        4        0       5
                text11                              CB3      CB3       36     1966       0
                text10                              37F      37F      288        8       0
                text9                               607      607      1DD        8       0
                text8                               C8A      C8A       29     1914       0
                text7                                1E       1E      361        8       0
                text6                               DFC      DFC       92     1BF8       0
                text5                               F44      F44       BC     1E88       0
                text4                               E8E      E8E       B6     1D1C       0
                text3                               CE9      CE9       3B     19D2       0
                text2                               DAF      DAF       4D     1B5E       0
                text1                               D65      D65       4A     1ACA       0
                maintext                            D24      D24       41     1A48       0
                cstackBANK0                          20       20       50       20       1
                cstackCOMMON                         70       70        B       70       1
                cstackBANK1                          A0       A0       15       A0       1
                bssBANK1                             B5       B5        9       A0       1

TOTAL           Name                               Link     Load   Length     Space
        CLASS   CODE           
                end_init                              C        C        3         0
                cinit                                 F        F        F         0
                intentry                              4        4        8         0
                reset_vec                             0        0        3         0
                text11                              CB3      CB3       36         0
                text10                              37F      37F      288         0
                text9                               607      607      1DD         0
                text8                               C8A      C8A       29         0
                text7                                1E       1E      361         0
                text6                               DFC      DFC       92         0
                text5                               F44      F44       BC         0
                text4                               E8E      E8E       B6         0
                text3                               CE9      CE9       3B         0
                text2                               DAF      DAF       4D         0
                text1                               D65      D65       4A         0
                maintext                            D24      D24       41         0

        CLASS   STRCODE        

        CLASS   STRING         

        CLASS   CONST          

        CLASS   ENTRY          

        CLASS   COMMON         
                cstackCOMMON                         70       70        B         1

        CLASS   BANK0          
                cstackBANK0                          20       20       50         1

        CLASS   BANK1          
                cstackBANK1                          A0       A0       15         1
                bssBANK1                             B5       B5        9         1

        CLASS   BANK2          

        CLASS   BANK3          

        CLASS   RAM            

        CLASS   ABS1           
                abs_s1                               7E       7E        2         1

        CLASS   SFR0           

        CLASS   SFR1           

        CLASS   SFR2           

        CLASS   SFR3           

        CLASS   CONFIG         
                config                             2007     2007        2         4

        CLASS   IDLOC          
                idloc                              2000     2000        4         5

        CLASS   EEDATA         

        CLASS   STACK          



SEGMENTS        Name                           Load    Length   Top    Selector   Space  Class     Delta

                reset_vec                      000000  000003  000003         0       0  CODE        2
                intentry                       000004  0007E0  0007E4         8       0  CODE        2
                cstackBANK0                    000020  000050  000070        20       1  BANK0       1
                cstackCOMMON                   000070  00000B  00007B        70       1  COMMON      1
                cstackBANK1                    0000A0  00001E  0000BE        A0       1  BANK1       1
                text8                          000C8A  000029  000CB3      1914       0  CODE        2
                text11                         000CB3  000036  000CE9      1966       0  CODE        2
                text3                          000CE9  00003B  000D24      19D2       0  CODE        2
                maintext                       000D24  000041  000D65      1A48       0  CODE        2
                text1                          000D65  00004A  000DAF      1ACA       0  CODE        2
                text2                          000DAF  00004D  000DFC      1B5E       0  CODE        2
                text6                          000DFC  000092  000E8E      1BF8       0  CODE        2
                text4                          000E8E  0000B6  000F44      1D1C       0  CODE        2
                text5                          000F44  0000BC  001000      1E88       0  CODE        2


UNUSED ADDRESS RANGES

        Name                Unused          Largest block    Delta
        BANK1            00BE-00EF             32           1
        BANK2            0110-016F             60           1
        BANK3            0190-01EF             60           1
        CODE             0003-0003              1           2
                         07E4-0C89             1C
                         1000-1FFF            800
        COMMON           007B-007D              3           1
        CONST            0003-0003              1           2
                         07E4-0C89            100
                         1000-1FFF            100
        EEDATA           2100-21FF            100           2
        ENTRY            0003-0003              1           2
                         07E4-0C89            100
                         1000-1FFF            100
        RAM              00BE-00EF             32           1
                         0110-016F             60
                         0190-01EF             60
        SFR0             0000-001F             20           1
        SFR1             0080-009F             20           1
        SFR2             0100-010F             10           1
        SFR3             0180-018F             10           1
        STRCODE          0003-0003              1           2
                         07E4-0C89            4A6
                         1000-1FFF           1000
        STRING           0003-0003              1           2
                         07E4-0C89            100
                         1000-1FFF            100

                                  Symbol Table

?__Umul8_16              cstackCOMMON 0073
?___fladd                cstackBANK0  005A
?___fldiv                cstackBANK0  0026
?___flmul                cstackBANK0  0040
?___fltol                cstackBANK1  00A0
?___xxtofl               cstackCOMMON 0073
?_map                    cstackBANK1  00A9
SERVO_1@val              cstackBANK1  00B2
SERVO_2@val              cstackBANK1  00B2
_ANSEL                   (abs)        0188
_ANSELH                  (abs)        0189
_CCP1                    bssBANK1     00B7
_CCP1CON                 (abs)        0017
_CCP1CONbits             (abs)        0017
_CCP2                    bssBANK1     00B5
_CCP2CON                 (abs)        001D
_CCP2CONbits             (abs)        001D
_CCPR1L                  (abs)        0015
_CCPR2L                  (abs)        001B
_INTCONbits              (abs)        000B
_OSCCONbits              (abs)        008F
_PIE1bits                (abs)        008C
_PIR1bits                (abs)        000C
_PORTC                   (abs)        0007
_POT3                    bssBANK1     00BB
_POT4                    bssBANK1     00BA
_PR2                     (abs)        0092
_SERVO_1                 text3        0CE9
_SERVO_2                 text2        0DAF
_SSPADD                  (abs)        0093
_SSPBUF                  (abs)        0013
_SSPCONbits              (abs)        0014
_SSPSTATbits             (abs)        0094
_T2CONbits               (abs)        0012
_TRISC                   (abs)        0087
_TRISCbits               (abs)        0087
__Habs1                  abs1         0000
__Hbank0                 bank0        0000
__Hbank1                 bank1        0000
__Hbank2                 bank2        0000
__Hbank3                 bank3        0000
__HbssBANK1              bssBANK1     0000
__Hcinit                 cinit        001E
__Hclrtext               clrtext      0000
__Hcode                  code         0000
__Hcommon                common       0000
__Hconfig                config       2009
__HcstackBANK0           cstackBANK0  0000
__HcstackBANK1           cstackBANK1  0000
__HcstackCOMMON          cstackCOMMON 0000
__Heeprom_data           eeprom_data  0000
__Hend_init              end_init     000F
__Hfunctab               functab      0000
__Hidloc                 idloc        2004
__Hinit                  init         000C
__Hintentry              intentry     000C
__Hmaintext              maintext     0000
__Hpowerup               powerup      0000
__Hram                   ram          0000
__Hreset_vec             reset_vec    0003
__Hsfr0                  sfr0         0000
__Hsfr1                  sfr1         0000
__Hsfr2                  sfr2         0000
__Hsfr3                  sfr3         0000
__Hspace_0               (abs)        1000
__Hspace_1               (abs)        00BE
__Hspace_2               (abs)        0000
__Hspace_3               (abs)        0000
__Hspace_4               (abs)        4010
__Hstack                 stack        0000
__Hstrings               strings      0000
__Htext                  text         0000
__Labs1                  abs1         0000
__Lbank0                 bank0        0000
__Lbank1                 bank1        0000
__Lbank2                 bank2        0000
__Lbank3                 bank3        0000
__LbssBANK1              bssBANK1     0000
__Lcinit                 cinit        000F
__Lclrtext               clrtext      0000
__Lcode                  code         0000
__Lcommon                common       0000
__Lconfig                config       0000
__LcstackBANK0           cstackBANK0  0000
__LcstackBANK1           cstackBANK1  0000
__LcstackCOMMON          cstackCOMMON 0000
__Leeprom_data           eeprom_data  0000
__Lend_init              end_init     000C
__Lfunctab               functab      0000
__Lidloc                 idloc        0000
__Linit                  init         000C
__Lintentry              intentry     0004
__Lmaintext              maintext     0000
__Lpowerup               powerup      0000
__Lram                   ram          0000
__Lreset_vec             reset_vec    0000
__Lsfr0                  sfr0         0000
__Lsfr1                  sfr1         0000
__Lsfr2                  sfr2         0000
__Lsfr3                  sfr3         0000
__Lspace_0               (abs)        0000
__Lspace_1               (abs)        0000
__Lspace_2               (abs)        0000
__Lspace_3               (abs)        0000
__Lspace_4               (abs)        0000
__Lstack                 stack        0000
__Lstrings               strings      0000
__Ltext                  text         0000
__S0                     (abs)        1000
__S1                     (abs)        00BE
__S3                     (abs)        0000
__Umul8_16               text8        0C8A
__Umul8_16@multiplicand  cstackCOMMON 0073
__Umul8_16@multiplier    cstackBANK0  0024
__Umul8_16@product       cstackBANK0  0020
__Umul8_16@word_mpld     cstackBANK0  0022
___fladd                 text10       037F
___fladd@a               cstackBANK0  005E
___fladd@aexp            cstackBANK0  006B
___fladd@b               cstackBANK0  005A
___fladd@bexp            cstackBANK0  006C
___fladd@grs             cstackBANK0  006D
___fladd@signs           cstackBANK0  006A
___fldiv                 text9        0607
___fldiv@a               cstackBANK0  0026
___fldiv@aexp            cstackBANK0  003F
___fldiv@b               cstackBANK0  002A
___fldiv@bexp            cstackBANK0  003E
___fldiv@grs             cstackBANK0  003A
___fldiv@new_exp         cstackBANK0  0038
___fldiv@rem             cstackBANK0  0033
___fldiv@sign            cstackBANK0  0037
___flmul                 text7        001E
___flmul@a               cstackBANK0  0044
___flmul@aexp            cstackBANK0  0052
___flmul@b               cstackBANK0  0040
___flmul@bexp            cstackBANK0  0053
___flmul@grs             cstackBANK0  004E
___flmul@prod            cstackBANK0  0054
___flmul@sign            cstackBANK0  004D
___flmul@temp            cstackBANK0  0058
___fltol                 text6        0DFC
___fltol@exp1            cstackBANK0  006F
___fltol@f1              cstackBANK1  00A0
___fltol@sign1           cstackBANK0  006E
___int_sp                stack        0000
___latbits               (abs)        0002
___sp                    stack        0000
___stackhi               (abs)        0000
___stacklo               (abs)        0000
___xxtofl                text5        0F44
___xxtofl@arg            cstackBANK0  0022
___xxtofl@exp            cstackBANK0  0021
___xxtofl@sign           cstackBANK0  0020
___xxtofl@val            cstackCOMMON 0073
__end_of_SERVO_1         text3        0D24
__end_of_SERVO_2         text2        0DFC
__end_of__Umul8_16       text8        0CB3
__end_of___fladd         text10       0607
__end_of___fldiv         text9        07E4
__end_of___flmul         text7        037F
__end_of___fltol         text6        0E8E
__end_of___xxtofl        text5        1000
__end_of__initialization cinit        001A
__end_of_isr             text11       0CE9
__end_of_main            maintext     0D65
__end_of_map             text4        0F44
__end_of_setup           text1        0DAF
__initialization         cinit        000F
__pbssBANK1              bssBANK1     00B5
__pcstackBANK0           cstackBANK0  0020
__pcstackBANK1           cstackBANK1  00A0
__pcstackCOMMON          cstackCOMMON 0070
__pintentry              intentry     0004
__pmaintext              maintext     0D24
__ptext1                 text1        0D65
__ptext10                text10       037F
__ptext11                text11       0CB3
__ptext2                 text2        0DAF
__ptext3                 text3        0CE9
__ptext4                 text4        0E8E
__ptext5                 text5        0F44
__ptext6                 text6        0DFC
__ptext7                 text7        001E
__ptext8                 text8        0C8A
__ptext9                 text9        0607
_check                   bssBANK1     00BC
_dato                    bssBANK1     00BD
_isr                     text11       0CB3
_main                    maintext     0D24
_map                     text4        0E8E
_old_dato                bssBANK1     00B9
_setup                   text1        0D65
btemp                    (abs)        007E
end_of_initialization    cinit        001A
interrupt_function       intentry     0004
intlevel0                functab      0000
intlevel1                functab      0000
intlevel2                functab      0000
intlevel3                functab      0000
intlevel4                functab      0000
intlevel5                functab      0000
map@x                    cstackBANK1  00AF
map@x0                   cstackBANK1  00A9
map@x1                   cstackBANK1  00AA
map@y0                   cstackBANK1  00AB
map@y1                   cstackBANK1  00AD
reset_vec                reset_vec    0000
saved_w                  (abs)        007E
start                    init         000C
start_initialization     cinit        000F
wtemp0                   (abs)        007E


MODULE INFORMATION

Module		Function		Class		Link	Load	Size
C:\Program Files\Microchip\xc8\v2.35\pic\sources\c90\common\xxtofl.c
		___xxtofl      		CODE           	0F44	0000	188

C:\Program Files\Microchip\xc8\v2.35\pic\sources\c90\common\xxtofl.c estimated size: 188

C:\Program Files\Microchip\xc8\v2.35\pic\sources\c90\common\fltol.c
		___fltol       		CODE           	0DFC	0000	146

C:\Program Files\Microchip\xc8\v2.35\pic\sources\c90\common\fltol.c estimated size: 146

main_S2.c
		_SERVO_2       		CODE           	0DAF	0000	77
		_map           		CODE           	0E8E	0000	182
		_main          		CODE           	0D24	0000	65
		_SERVO_1       		CODE           	0CE9	0000	59
		_isr           		CODE           	0CB3	0000	54
		_setup         		CODE           	0D65	0000	74

main_S2.c estimated size: 511

C:\Program Files\Microchip\xc8\v2.35\pic\sources\c90\common\sprcmul.c
		___flmul       		CODE           	001E	0000	865

C:\Program Files\Microchip\xc8\v2.35\pic\sources\c90\common\sprcmul.c estimated size: 865

C:\Program Files\Microchip\xc8\v2.35\pic\sources\c90\common\sprcdiv.c
		___fldiv       		CODE           	0607	0000	477

C:\Program Files\Microchip\xc8\v2.35\pic\sources\c90\common\sprcdiv.c estimated size: 477

shared
		__initialization		CODE           	000F	0000	11

shared estimated size: 11

C:\Program Files\Microchip\xc8\v2.35\pic\sources\c90\common\Umul8_16.c
		__Umul8_16     		CODE           	0C8A	0000	41

C:\Program Files\Microchip\xc8\v2.35\pic\sources\c90\common\Umul8_16.c estimated size: 41

C:\Program Files\Microchip\xc8\v2.35\pic\sources\c90\common\sprcadd.c
		___fladd       		CODE           	037F	0000	648

C:\Program Files\Microchip\xc8\v2.35\pic\sources\c90\common\sprcadd.c estimated size: 648

