Microchip MPLAB XC8 PIC(R) Assembler V2.35

Linker command line:

-W-3 --edf=C:\Program Files\Microchip\xc8\v2.35\pic\dat\en_msgs.txt -cs \
  -h+dist/default/production\P_01.X.production.sym \
  --cmf=dist/default/production\P_01.X.production.cmf -z -Q16F887 \
  -oC:\Users\HP\AppData\Local\Temp\xcAsa6c.4 -ver=XC8 PIC(R) Assembler \
  -Mdist/default/production/P_01.X.production.map -E1 --acfsm=1493 \
  -ACODE=00h-07FFhx4 -ASTRCODE=00h-01FFFh -ASTRING=00h-0FFhx32 \
  -ACONST=00h-0FFhx32 -AENTRY=00h-0FFhx32 -ACOMMON=070h-07Fh \
  -ABANK0=020h-06Fh -ABANK1=0A0h-0EFh -ABANK2=0110h-016Fh \
  -ABANK3=0190h-01EFh -ARAM=020h-06Fh,0A0h-0EFh,0110h-016Fh,0190h-01EFh \
  -AABS1=020h-07Fh,0A0h-0EFh,0110h-016Fh,0190h-01EFh -ASFR0=00h-01Fh \
  -ASFR1=080h-09Fh -ASFR2=0100h-010Fh -ASFR3=0180h-018Fh \
  -ACONFIG=02007h-02008h -DCONFIG=2 -AIDLOC=02000h-02003h -DIDLOC=2 \
  -AEEDATA=00h-0FFh/02100h -DEEDATA=2 -DCODE=2 -DSTRCODE=2 -DSTRING=2 \
  -DCONST=2 -DENTRY=2 build/default/production/PRINCIPAL.o \
  build/default/production/Configuraciones.o \
  build/default/production/Interrupciones.o \
  build/default/production/Variables.o \
  build/default/production/Multiplexado.o \
  build/default/production/Reloj_Digital.o \
  build/default/production/Fechas.o build/default/production/Timer.o 

Object code version is 3.11

Machine type is 16F887



                Name                               Link     Load   Length Selector   Space Scale
build/default/production/PRINCIPAL.o
                config                             2007     2007        2        0       4
                intVect                               0        0       15        0       0
                resVect                               0        0        3        0       0
                code                                  0        0      149        0       0
build/default/production/Configuraciones.o
                code                                  0        0       74        0       0
build/default/production/Interrupciones.o
                code                                  0        0       B1        0       0
build/default/production/Variables.o
                udata_bank0                          20       20       1F       20       1
                udata_shr                            70       70        2       70       1
build/default/production/Multiplexado.o
                code                                  0        0       45        0       0
build/default/production/Reloj_Digital.o
                code                                  0        0       6C        0       0
build/default/production/Fechas.o
                code                                  0        0      411        0       0
build/default/production/Timer.o
                code                                  0        0       95        0       0

TOTAL           Name                               Link     Load   Length     Space
        CLASS   CODE           
                intVect                               0        0       15         0
                resVect                               0        0        3         0
                code                                  0        0      149         0
                code                                  0        0       74         0
                code                                  0        0       B1         0
                code                                  0        0       45         0
                code                                  0        0       6C         0
                code                                  0        0      411         0
                code                                  0        0       95         0

        CLASS   STRCODE        

        CLASS   STRING         

        CLASS   CONST          

        CLASS   ENTRY          

        CLASS   COMMON         
                udata_shr                            70       70        2         1

        CLASS   BANK0          
                udata_bank0                          20       20       1F         1

        CLASS   BANK1          

        CLASS   BANK2          

        CLASS   BANK3          

        CLASS   RAM            

        CLASS   ABS1           

        CLASS   SFR0           

        CLASS   SFR1           

        CLASS   SFR2           

        CLASS   SFR3           

        CLASS   CONFIG         
                config                             2007     2007        2         4

        CLASS   IDLOC          

        CLASS   EEDATA         



SEGMENTS        Name                           Load    Length   Top    Selector   Space  Class     Delta

                udata_bank0                    000020  00001F  00003F        20       1  BANK0       1
                udata_shr                      000070  000002  000072        70       1  COMMON      1


UNUSED ADDRESS RANGES

        Name                Unused          Largest block    Delta
        BANK0            003F-006F             31           1
        BANK1            00A0-00EF             50           1
        BANK2            0110-016F             60           1
        BANK3            0190-01EF             60           1
        CODE             0411-1FFF            800           2
        COMMON           0072-007F              E           1
        CONST            0411-1FFF            100           2
        EEDATA           2100-21FF            100           2
        ENTRY            0411-1FFF            100           2
        IDLOC            2000-2003              4           2
        RAM              003F-006F             31           1
                         00A0-00EF             50
                         0110-016F             60
                         0190-01EF             60
        STRCODE          0411-1FFF           1BEF           2
        STRING           0411-1FFF            100           2

                                  Symbol Table

DISPLAY_SET     code        001D  Editar_Aceptar  udata_bank0 0034
Fecha_digitos   code        0000  INICIAR_ALARMA  code        004F
IO_FECHAS       code        0025  IO_RELOJ        code        001E
IO_TIMER        code        003A  MESES           code        0400
MOSTRAR_VALOR   code        0000  NIBBLE_FECHA    code        0033
NIBBLE_RELOJ    code        002A  NIBBLE_TIMER    code        003C
Reloj_Digitos   code        0000  STATUS_TEMP     udata_shr   0071
T1_RELOJ        code        0017  T1_TIMER        code        002C
T2_int          code        0007  TIMER_DIGITOS   code        0000
TO_int          code        0000  UNDERFLOW_FECHA code        0013
UNDERFLOW_RELOJ code        003E  UNDERFLOW_TIMER code        0023
UN_DIA          code        0025  W_TEMP          udata_shr   0070
__Hcode         code        0000  __Hconfig       config      2009
__Hdata         data        0000  __Hedata        edata       0000
__HintVect      intVect     0000  __HresVect      resVect     0000
__Hspace_0      (abs)       0411  __Hspace_1      (abs)       0072
__Hspace_3      (abs)       0000  __Hspace_4      (abs)       4010
__Hudata        udata       0000  __Hudata_bank0  udata_bank0 0000
__Hudata_bank1  udata_bank1 0000  __Hudata_bank2  udata_bank2 0000
__Hudata_bank3  udata_bank3 0000  __Hudata_shr    udata_shr   0000
__Lcode         code        0000  __Lconfig       config      0000
__Ldata         data        0000  __Ledata        edata       0000
__LintVect      intVect     0000  __LresVect      resVect     0000
__Lspace_0      (abs)       0000  __Lspace_1      (abs)       0000
__Lspace_3      (abs)       0000  __Lspace_4      (abs)       0000
__Ludata        udata       0000  __Ludata_bank0  udata_bank0 0000
__Ludata_bank1  udata_bank1 0000  __Ludata_bank2  udata_bank2 0000
__Ludata_bank3  udata_bank3 0000  __Ludata_shr    udata_shr   0000
__S0            (abs)       0000  __S1            (abs)       0072
__S3            (abs)       0000  alarma          udata_bank0 0031
apagar_led      udata_bank0 0033  banderas        udata_bank0 0036
config_int      code        005F  config_ports    code        0000
config_tmr0     code        0036  config_tmr1     code        0043
config_tmr2     code        0051  cont1           udata_bank0 0020
cont2           udata_bank0 0021  dias            udata_bank0 0029
display         udata_bank0 003B  dividir         udata_bank0 0035
dividir_mes     udata_bank0 002B  horas           udata_bank0 0026
mes             udata_bank0 0028  minutos         udata_bank0 0024
minutos_timer   udata_bank0 002F  modo            udata_bank0 0022
nibbles         udata_bank0 0037  parar_timer     udata_bank0 0032
reloj           code        002F  segundos        udata_bank0 0023
segundos_timer  udata_bank0 002D  tabla           code        0135
