Microchip MPLAB XC8 Compiler V2.35

Linker command line:

-W-3 --edf=C:\Program Files\Microchip\xc8\v2.35\pic\dat\en_msgs.txt -cn \
  -h+dist/default/production\Esclavo_1.X.production.sym \
  --cmf=dist/default/production\Esclavo_1.X.production.cmf -z -Q16F887 \
  -oC:\Users\HP\AppData\Local\Temp\xcAsdbg.4 --defsym=__MPLAB_BUILD=1 \
  -Mdist/default/production/Esclavo_1.X.production.map \
  --md=C:\Users\HP\AppData\Local\Temp\xcAsdbg.dat -E1 -ver=XC8 Compiler \
  --acfsm=1493 -ACODE=00h-07FFhx4 -ASTRCODE=00h-01FFFh -ASTRING=00h-0FFhx32 \
  -ACONST=00h-0FFhx32 -AENTRY=00h-0FFhx32 -ACOMMON=070h-07Fh \
  -ABANK0=020h-06Fh -ABANK1=0A0h-0EFh -ABANK2=0110h-016Fh \
  -ABANK3=0190h-01EFh -ARAM=020h-06Fh,0A0h-0EFh,0110h-016Fh,0190h-01EFh \
  -AABS1=020h-07Fh,0A0h-0EFh,0110h-016Fh,0190h-01EFh -ASFR0=00h-01Fh \
  -ASFR1=080h-09Fh -ASFR2=0100h-010Fh -ASFR3=0180h-018Fh \
  -ACONFIG=02007h-02008h -DCONFIG=2 -AIDLOC=02000h-02003h -DIDLOC=2 \
  -AEEDATA=00h-0FFh/02100h -peeprom_data=EEDATA -DEEDATA=2 -DCODE=2 \
  -DSTRCODE=2 -DSTRING=2 -DCONST=2 -DENTRY=2 \
  -preset_vec=00h,intentry=04h,init,end_init -ppowerup=CODE -pcinit=CODE \
  -pfunctab=ENTRY -k C:\Users\HP\AppData\Local\Temp\xcAsdbg.o \
  dist/default/production\Esclavo_1.X.production.o 

Object code version is 3.11

Machine type is 16F887



                Name                               Link     Load   Length Selector   Space Scale
C:\Users\HP\AppData\Local\Temp\xcAsdbg.o
                end_init                              C        C        3        8       0
                reset_vec                             0        0        3        0       0
                config                             2007     2007        2        0       4
                idloc                              2000     2000        4        0       5
dist/default/production\Esclavo_1.X.production.o
                cinit                                 F        F       10        8       0
                intentry                              4        4        8        8       0
                config                             2007     2007        2        0       4
                idloc                              2000     2000        4        0       5
                text11                              C61      C61       36     18C2       0
                text10                              380      380      340        8       0
                text9                               E23      E23      1DD     1C46       0
                text8                               C05      C05       29     180A       0
                text7                                1F       1F      361        8       0
                text6                               77C      77C       7C        8       0
                text5                               6C0      6C0       BC        8       0
                text4                               D6D      D6D       B6     1ADA       0
                text3                               C97      C97       3F     192E       0
                text2                               D20      D20       4D     1A40       0
                text1                               CD6      CD6       4A     19AC       0
                maintext                            C2E      C2E       33     185C       0
                cstackBANK0                          20       20       50       20       1
                cstackCOMMON                         70       70        A       70       1
                cstackBANK1                          A0       A0       15       A0       1
                bssBANK1                             B5       B5        9       A0       1
                bssCOMMON                            7A       7A        1       70       1

TOTAL           Name                               Link     Load   Length     Space
        CLASS   CODE           
                end_init                              C        C        3         0
                cinit                                 F        F       10         0
                intentry                              4        4        8         0
                reset_vec                             0        0        3         0
                text11                              C61      C61       36         0
                text10                              380      380      340         0
                text9                               E23      E23      1DD         0
                text8                               C05      C05       29         0
                text7                                1F       1F      361         0
                text6                               77C      77C       7C         0
                text5                               6C0      6C0       BC         0
                text4                               D6D      D6D       B6         0
                text3                               C97      C97       3F         0
                text2                               D20      D20       4D         0
                text1                               CD6      CD6       4A         0
                maintext                            C2E      C2E       33         0

        CLASS   STRCODE        

        CLASS   STRING         

        CLASS   CONST          

        CLASS   ENTRY          

        CLASS   COMMON         
                cstackCOMMON                         70       70        A         1
                bssCOMMON                            7A       7A        1         1

        CLASS   BANK0          
                cstackBANK0                          20       20       50         1

        CLASS   BANK1          
                cstackBANK1                          A0       A0       15         1
                bssBANK1                             B5       B5        9         1

        CLASS   BANK2          

        CLASS   BANK3          

        CLASS   RAM            

        CLASS   ABS1           
                abs_s1                               7E       7E        2         1

        CLASS   SFR0           

        CLASS   SFR1           

        CLASS   SFR2           

        CLASS   SFR3           

        CLASS   CONFIG         
                config                             2007     2007        2         4

        CLASS   IDLOC          
                idloc                              2000     2000        4         5

        CLASS   EEDATA         

        CLASS   STACK          



SEGMENTS        Name                           Load    Length   Top    Selector   Space  Class     Delta

                reset_vec                      000000  000003  000003         0       0  CODE        2
                intentry                       000004  0007F4  0007F8         8       0  CODE        2
                cstackBANK0                    000020  000050  000070        20       1  BANK0       1
                cstackCOMMON                   000070  00000B  00007B        70       1  COMMON      1
                cstackBANK1                    0000A0  00001E  0000BE        A0       1  BANK1       1
                text8                          000C05  000029  000C2E      180A       0  CODE        2
                maintext                       000C2E  000033  000C61      185C       0  CODE        2
                text11                         000C61  000036  000C97      18C2       0  CODE        2
                text3                          000C97  00003F  000CD6      192E       0  CODE        2
                text1                          000CD6  00004A  000D20      19AC       0  CODE        2
                text2                          000D20  00004D  000D6D      1A40       0  CODE        2
                text4                          000D6D  0000B6  000E23      1ADA       0  CODE        2
                text9                          000E23  0001DD  001000      1C46       0  CODE        2


UNUSED ADDRESS RANGES

        Name                Unused          Largest block    Delta
        BANK1            00BE-00EF             32           1
        BANK2            0110-016F             60           1
        BANK3            0190-01EF             60           1
        CODE             0003-0003              1           2
                         07F8-0C04              8
                         1000-1FFF            800
        COMMON           007B-007D              3           1
        CONST            0003-0003              1           2
                         07F8-0C04            100
                         1000-1FFF            100
        EEDATA           2100-21FF            100           2
        ENTRY            0003-0003              1           2
                         07F8-0C04            100
                         1000-1FFF            100
        RAM              00BE-00EF             32           1
                         0110-016F             60
                         0190-01EF             60
        SFR0             0000-001F             20           1
        SFR1             0080-009F             20           1
        SFR2             0100-010F             10           1
        SFR3             0180-018F             10           1
        STRCODE          0003-0003              1           2
                         07F8-0C04            40D
                         1000-1FFF           1000
        STRING           0003-0003              1           2
                         07F8-0C04            100
                         1000-1FFF            100

                                  Symbol Table

?__Umul8_16              cstackCOMMON 0073
?___fladd                cstackBANK0  005E
?___fldiv                cstackBANK0  002A
?___flmul                cstackBANK0  0044
?___fltol                cstackBANK1  00A4
?___xxtofl               cstackCOMMON 0073
?_map                    cstackBANK1  00AD
SERVO_1@val              cstackBANK1  00B3
SERVO_2@val              cstackBANK1  00B3
_ANSEL                   (abs)        0188
_ANSELH                  (abs)        0189
_CCP1                    bssBANK1     00B7
_CCP1CON                 (abs)        0017
_CCP1CONbits             (abs)        0017
_CCP2                    bssBANK1     00B5
_CCP2CON                 (abs)        001D
_CCP2CONbits             (abs)        001D
_CCPR1L                  (abs)        0015
_CCPR2L                  (abs)        001B
_INTCONbits              (abs)        000B
_OSCCONbits              (abs)        008F
_PIE1bits                (abs)        008C
_PIR1bits                (abs)        000C
_PORTC                   (abs)        0007
_PR2                     (abs)        0092
_SERVO_1                 text3        0C97
_SERVO_2                 text2        0D20
_SSPADD                  (abs)        0093
_SSPBUF                  (abs)        0013
_SSPCONbits              (abs)        0014
_SSPSTATbits             (abs)        0094
_T2CONbits               (abs)        0012
_TRISC                   (abs)        0087
_TRISCbits               (abs)        0087
__Habs1                  abs1         0000
__Hbank0                 bank0        0000
__Hbank1                 bank1        0000
__Hbank2                 bank2        0000
__Hbank3                 bank3        0000
__HbssBANK1              bssBANK1     0000
__HbssCOMMON             bssCOMMON    0000
__Hcinit                 cinit        001F
__Hclrtext               clrtext      0000
__Hcode                  code         0000
__Hcommon                common       0000
__Hconfig                config       2009
__HcstackBANK0           cstackBANK0  0000
__HcstackBANK1           cstackBANK1  0000
__HcstackCOMMON          cstackCOMMON 0000
__Heeprom_data           eeprom_data  0000
__Hend_init              end_init     000F
__Hfunctab               functab      0000
__Hidloc                 idloc        2004
__Hinit                  init         000C
__Hintentry              intentry     000C
__Hmaintext              maintext     0000
__Hpowerup               powerup      0000
__Hram                   ram          0000
__Hreset_vec             reset_vec    0003
__Hsfr0                  sfr0         0000
__Hsfr1                  sfr1         0000
__Hsfr2                  sfr2         0000
__Hsfr3                  sfr3         0000
__Hspace_0               (abs)        1000
__Hspace_1               (abs)        00BE
__Hspace_2               (abs)        0000
__Hspace_3               (abs)        0000
__Hspace_4               (abs)        4010
__Hstack                 stack        0000
__Hstrings               strings      0000
__Htext                  text         0000
__Labs1                  abs1         0000
__Lbank0                 bank0        0000
__Lbank1                 bank1        0000
__Lbank2                 bank2        0000
__Lbank3                 bank3        0000
__LbssBANK1              bssBANK1     0000
__LbssCOMMON             bssCOMMON    0000
__Lcinit                 cinit        000F
__Lclrtext               clrtext      0000
__Lcode                  code         0000
__Lcommon                common       0000
__Lconfig                config       0000
__LcstackBANK0           cstackBANK0  0000
__LcstackBANK1           cstackBANK1  0000
__LcstackCOMMON          cstackCOMMON 0000
__Leeprom_data           eeprom_data  0000
__Lend_init              end_init     000C
__Lfunctab               functab      0000
__Lidloc                 idloc        0000
__Linit                  init         000C
__Lintentry              intentry     0004
__Lmaintext              maintext     0000
__Lpowerup               powerup      0000
__Lram                   ram          0000
__Lreset_vec             reset_vec    0000
__Lsfr0                  sfr0         0000
__Lsfr1                  sfr1         0000
__Lsfr2                  sfr2         0000
__Lsfr3                  sfr3         0000
__Lspace_0               (abs)        0000
__Lspace_1               (abs)        0000
__Lspace_2               (abs)        0000
__Lspace_3               (abs)        0000
__Lspace_4               (abs)        0000
__Lstack                 stack        0000
__Lstrings               strings      0000
__Ltext                  text         0000
__S0                     (abs)        1000
__S1                     (abs)        00BE
__S3                     (abs)        0000
__Umul8_16               text8        0C05
__Umul8_16@multiplicand  cstackCOMMON 0073
__Umul8_16@multiplier    cstackBANK0  0024
__Umul8_16@product       cstackBANK0  0020
__Umul8_16@word_mpld     cstackBANK0  0022
___fladd                 text10       0380
___fladd@a               cstackBANK0  0062
___fladd@aexp            cstackBANK1  00A1
___fladd@b               cstackBANK0  005E
___fladd@bexp            cstackBANK1  00A2
___fladd@grs             cstackBANK1  00A3
___fladd@signs           cstackBANK1  00A0
___fldiv                 text9        0E23
___fldiv@a               cstackBANK0  002A
___fldiv@aexp            cstackBANK0  0043
___fldiv@b               cstackBANK0  002E
___fldiv@bexp            cstackBANK0  0042
___fldiv@grs             cstackBANK0  003E
___fldiv@new_exp         cstackBANK0  003C
___fldiv@rem             cstackBANK0  0037
___fldiv@sign            cstackBANK0  003B
___flmul                 text7        001F
___flmul@a               cstackBANK0  0048
___flmul@aexp            cstackBANK0  0052
___flmul@b               cstackBANK0  0044
___flmul@bexp            cstackBANK0  0057
___flmul@grs             cstackBANK0  0053
___flmul@prod            cstackBANK0  0058
___flmul@sign            cstackBANK0  0051
___flmul@temp            cstackBANK0  005C
___fltol                 text6        077C
___fltol@exp1            cstackCOMMON 0078
___fltol@f1              cstackBANK1  00A4
___fltol@sign1           cstackCOMMON 0077
___int_sp                stack        0000
___latbits               (abs)        0002
___sp                    stack        0000
___stackhi               (abs)        0000
___stacklo               (abs)        0000
___xxtofl                text5        06C0
___xxtofl@arg            cstackBANK0  0026
___xxtofl@exp            cstackBANK0  0025
___xxtofl@sign           cstackBANK0  0024
___xxtofl@val            cstackCOMMON 0073
__end_of_SERVO_1         text3        0CD6
__end_of_SERVO_2         text2        0D6D
__end_of__Umul8_16       text8        0C2E
__end_of___fladd         text10       06C0
__end_of___fldiv         text9        1000
__end_of___flmul         text7        0380
__end_of___fltol         text6        07F8
__end_of___xxtofl        text5        077C
__end_of__initialization cinit        001B
__end_of_isr             text11       0C97
__end_of_main            maintext     0C61
__end_of_map             text4        0E23
__end_of_setup           text1        0D20
__initialization         cinit        000F
__pbssBANK1              bssBANK1     00B5
__pbssCOMMON             bssCOMMON    007A
__pcstackBANK0           cstackBANK0  0020
__pcstackBANK1           cstackBANK1  00A0
__pcstackCOMMON          cstackCOMMON 0070
__pintentry              intentry     0004
__pmaintext              maintext     0C2E
__ptext1                 text1        0CD6
__ptext10                text10       0380
__ptext11                text11       0C61
__ptext2                 text2        0D20
__ptext3                 text3        0C97
__ptext4                 text4        0D6D
__ptext5                 text5        06C0
__ptext6                 text6        077C
__ptext7                 text7        001F
__ptext8                 text8        0C05
__ptext9                 text9        0E23
_check                   bssBANK1     00BC
_dato                    bssBANK1     00BD
_isr                     text11       0C61
_main                    maintext     0C2E
_map                     text4        0D6D
_old_dato                bssBANK1     00B9
_setup                   text1        0CD6
btemp                    (abs)        007E
end_of_initialization    cinit        001B
interrupt_function       intentry     0004
intlevel0                functab      0000
intlevel1                functab      0000
intlevel2                functab      0000
intlevel3                functab      0000
intlevel4                functab      0000
intlevel5                functab      0000
map@x                    cstackCOMMON 0079
map@x0                   cstackBANK1  00AD
map@x1                   cstackBANK1  00AE
map@y0                   cstackBANK1  00AF
map@y1                   cstackBANK1  00B1
reset_vec                reset_vec    0000
saved_w                  (abs)        007E
start                    init         000C
start_initialization     cinit        000F
wtemp0                   (abs)        007E


MODULE INFORMATION

Module		Function		Class		Link	Load	Size
C:\Program Files\Microchip\xc8\v2.35\pic\sources\c90\common\xxtofl.c
		___xxtofl      		CODE           	06C0	0000	188

C:\Program Files\Microchip\xc8\v2.35\pic\sources\c90\common\xxtofl.c estimated size: 188

C:\Program Files\Microchip\xc8\v2.35\pic\sources\c90\common\fltol.c
		___fltol       		CODE           	077C	0000	124

C:\Program Files\Microchip\xc8\v2.35\pic\sources\c90\common\fltol.c estimated size: 124

C:\Program Files\Microchip\xc8\v2.35\pic\sources\c90\common\sprcmul.c
		___flmul       		CODE           	001F	0000	865

C:\Program Files\Microchip\xc8\v2.35\pic\sources\c90\common\sprcmul.c estimated size: 865

C:\Program Files\Microchip\xc8\v2.35\pic\sources\c90\common\sprcdiv.c
		___fldiv       		CODE           	0E23	0000	477

C:\Program Files\Microchip\xc8\v2.35\pic\sources\c90\common\sprcdiv.c estimated size: 477

shared
		__initialization		CODE           	000F	0000	12

shared estimated size: 12

C:\Program Files\Microchip\xc8\v2.35\pic\sources\c90\common\Umul8_16.c
		__Umul8_16     		CODE           	0C05	0000	41

C:\Program Files\Microchip\xc8\v2.35\pic\sources\c90\common\Umul8_16.c estimated size: 41

main_S1.c
		_SERVO_2       		CODE           	0D20	0000	77
		_map           		CODE           	0D6D	0000	182
		_main          		CODE           	0C2E	0000	51
		_SERVO_1       		CODE           	0C97	0000	63
		_isr           		CODE           	0C61	0000	54
		_setup         		CODE           	0CD6	0000	74

main_S1.c estimated size: 501

C:\Program Files\Microchip\xc8\v2.35\pic\sources\c90\common\sprcadd.c
		___fladd       		CODE           	0380	0000	832

C:\Program Files\Microchip\xc8\v2.35\pic\sources\c90\common\sprcadd.c estimated size: 832

