Microchip MPLAB XC8 Compiler V2.35

Linker command line:

-W-3 --edf=C:\Program Files\Microchip\xc8\v2.35\pic\dat\en_msgs.txt -cn \
  -h+dist/default/production\Maestro.X.production.sym \
  --cmf=dist/default/production\Maestro.X.production.cmf -z -Q16F887 \
  -oC:\Users\HP\AppData\Local\Temp\xcAsfr4.4 --defsym=__MPLAB_BUILD=1 \
  -Mdist/default/production/Maestro.X.production.map \
  --md=C:\Users\HP\AppData\Local\Temp\xcAsfr4.dat -E1 -ver=XC8 Compiler \
  --acfsm=1493 -ACODE=00h-07FFhx4 -ASTRCODE=00h-01FFFh -ASTRING=00h-0FFhx32 \
  -ACONST=00h-0FFhx32 -AENTRY=00h-0FFhx32 -ACOMMON=070h-07Fh \
  -ABANK0=020h-06Fh -ABANK1=0A0h-0EFh -ABANK2=0110h-016Fh \
  -ABANK3=0190h-01EFh -ARAM=020h-06Fh,0A0h-0EFh,0110h-016Fh,0190h-01EFh \
  -AABS1=020h-07Fh,0A0h-0EFh,0110h-016Fh,0190h-01EFh -ASFR0=00h-01Fh \
  -ASFR1=080h-09Fh -ASFR2=0100h-010Fh -ASFR3=0180h-018Fh \
  -ACONFIG=02007h-02008h -DCONFIG=2 -AIDLOC=02000h-02003h -DIDLOC=2 \
  -AEEDATA=00h-0FFh/02100h -peeprom_data=EEDATA -DEEDATA=2 -DCODE=2 \
  -DSTRCODE=2 -DSTRING=2 -DCONST=2 -DENTRY=2 \
  -preset_vec=00h,intentry=04h,init,end_init -ppowerup=CODE -pcinit=CODE \
  -pfunctab=ENTRY -k C:\Users\HP\AppData\Local\Temp\xcAsfr4.o \
  dist/default/production\Maestro.X.production.o 

Object code version is 3.11

Machine type is 16F887



                Name                               Link     Load   Length Selector   Space Scale
C:\Users\HP\AppData\Local\Temp\xcAsfr4.o
                end_init                              C        C        3        8       0
                reset_vec                             0        0        3        0       0
                config                             2007     2007        2        0       4
                idloc                              2000     2000        4        0       5
dist/default/production\Maestro.X.production.o
                cinit                                 F        F        A        8       0
                intentry                              4        4        8        8       0
                config                             2007     2007        2        0       4
                idloc                              2000     2000        4        0       5
                text8                               257      257        D        8       0
                text7                               237      237       20        8       0
                text6                                19       19      12B        8       0
                text5                               1E2      1E2       55        8       0
                text4                               281      281        8        8       0
                text3                               278      278        9        8       0
                text2                               26F      26F        9        8       0
                text1                               264      264        B        8       0
                maintext                            144      144       9E        8       0
                cstackBANK0                          20       20        3       20       1
                cstackCOMMON                         70       70        8       70       1
                bssCOMMON                            78       78        6       70       1

TOTAL           Name                               Link     Load   Length     Space
        CLASS   CODE           
                end_init                              C        C        3         0
                cinit                                 F        F        A         0
                intentry                              4        4        8         0
                reset_vec                             0        0        3         0
                text8                               257      257        D         0
                text7                               237      237       20         0
                text6                                19       19      12B         0
                text5                               1E2      1E2       55         0
                text4                               281      281        8         0
                text3                               278      278        9         0
                text2                               26F      26F        9         0
                text1                               264      264        B         0
                maintext                            144      144       9E         0

        CLASS   STRCODE        

        CLASS   STRING         

        CLASS   CONST          

        CLASS   ENTRY          

        CLASS   COMMON         
                cstackCOMMON                         70       70        8         1
                bssCOMMON                            78       78        6         1

        CLASS   BANK0          
                cstackBANK0                          20       20        3         1

        CLASS   BANK1          

        CLASS   BANK2          

        CLASS   BANK3          

        CLASS   RAM            

        CLASS   ABS1           
                abs_s1                               7E       7E        2         1

        CLASS   SFR0           

        CLASS   SFR1           

        CLASS   SFR2           

        CLASS   SFR3           

        CLASS   CONFIG         
                config                             2007     2007        2         4

        CLASS   IDLOC          
                idloc                              2000     2000        4         5

        CLASS   EEDATA         

        CLASS   STACK          



SEGMENTS        Name                           Load    Length   Top    Selector   Space  Class     Delta

                reset_vec                      000000  000003  000003         0       0  CODE        2
                intentry                       000004  000285  000289         8       0  CODE        2
                cstackBANK0                    000020  000003  000023        20       1  BANK0       1
                cstackCOMMON                   000070  00000E  00007E        70       1  COMMON      1


UNUSED ADDRESS RANGES

        Name                Unused          Largest block    Delta
        BANK0            0023-006F             4D           1
        BANK1            00A0-00EF             50           1
        BANK2            0110-016F             60           1
        BANK3            0190-01EF             60           1
        CODE             0003-0003              1           2
                         0289-1FFF            800
        CONST            0003-0003              1           2
                         0289-1FFF            100
        EEDATA           2100-21FF            100           2
        ENTRY            0003-0003              1           2
                         0289-1FFF            100
        RAM              0023-006F             4D           1
                         00A0-00EF             50
                         0110-016F             60
                         0190-01EF             60
        SFR0             0000-001F             20           1
        SFR1             0080-009F             20           1
        SFR2             0100-010F             10           1
        SFR3             0180-018F             10           1
        STRCODE          0003-0003              1           2
                         0289-1FFF           1D77
        STRING           0003-0003              1           2
                         0289-1FFF            100

                                  Symbol Table

_ACKSTAT                 (abs)        048E
_ADCON0bits              (abs)        001F
_ADCON1bits              (abs)        009F
_ADRESH                  (abs)        001E
_ANSEL                   (abs)        0188
_ANSELH                  (abs)        0189
_EEADR                   (abs)        010D
_EECON1bits              (abs)        018C
_EECON2                  (abs)        018D
_EEDAT                   (abs)        010C
_INTCONbits              (abs)        000B
_IOCBbits                (abs)        0096
_OPTION_REGbits          (abs)        0081
_OSCCONbits              (abs)        008F
_PIE1bits                (abs)        008C
_PIR1bits                (abs)        000C
_PORTA                   (abs)        0005
_PORTBbits               (abs)        0006
_PORTC                   (abs)        0007
_PORTD                   (abs)        0008
_PORTE                   (abs)        0009
_PORTEbits               (abs)        0009
_POT1                    bssCOMMON    007C
_POT2                    bssCOMMON    007B
_POT3                    bssCOMMON    007A
_POT4                    bssCOMMON    0079
_SSPADD                  (abs)        0093
_SSPBUF                  (abs)        0013
_SSPCON2bits             (abs)        0091
_SSPCONbits              (abs)        0014
_SSPSTATbits             (abs)        0094
_TRISA                   (abs)        0085
_TRISBbits               (abs)        0086
_TRISC                   (abs)        0087
_TRISD                   (abs)        0088
_TRISE                   (abs)        0089
_WPUBbits                (abs)        0095
__Habs1                  abs1         0000
__Hbank0                 bank0        0000
__Hbank1                 bank1        0000
__Hbank2                 bank2        0000
__Hbank3                 bank3        0000
__HbssCOMMON             bssCOMMON    0000
__Hcinit                 cinit        0019
__Hclrtext               clrtext      0000
__Hcode                  code         0000
__Hcommon                common       0000
__Hconfig                config       2009
__HcstackBANK0           cstackBANK0  0000
__HcstackCOMMON          cstackCOMMON 0000
__Heeprom_data           eeprom_data  0000
__Hend_init              end_init     000F
__Hfunctab               functab      0000
__Hidloc                 idloc        2004
__Hinit                  init         000C
__Hintentry              intentry     000C
__Hmaintext              maintext     0000
__Hpowerup               powerup      0000
__Hram                   ram          0000
__Hreset_vec             reset_vec    0003
__Hsfr0                  sfr0         0000
__Hsfr1                  sfr1         0000
__Hsfr2                  sfr2         0000
__Hsfr3                  sfr3         0000
__Hspace_0               (abs)        0289
__Hspace_1               (abs)        007E
__Hspace_2               (abs)        0000
__Hspace_3               (abs)        0000
__Hspace_4               (abs)        4010
__Hstack                 stack        0000
__Hstrings               strings      0000
__Htext                  text         0000
__Labs1                  abs1         0000
__Lbank0                 bank0        0000
__Lbank1                 bank1        0000
__Lbank2                 bank2        0000
__Lbank3                 bank3        0000
__LbssCOMMON             bssCOMMON    0000
__Lcinit                 cinit        000F
__Lclrtext               clrtext      0000
__Lcode                  code         0000
__Lcommon                common       0000
__Lconfig                config       0000
__LcstackBANK0           cstackBANK0  0000
__LcstackCOMMON          cstackCOMMON 0000
__Leeprom_data           eeprom_data  0000
__Lend_init              end_init     000C
__Lfunctab               functab      0000
__Lidloc                 idloc        0000
__Linit                  init         000C
__Lintentry              intentry     0004
__Lmaintext              maintext     0000
__Lpowerup               powerup      0000
__Lram                   ram          0000
__Lreset_vec             reset_vec    0000
__Lsfr0                  sfr0         0000
__Lsfr1                  sfr1         0000
__Lsfr2                  sfr2         0000
__Lsfr3                  sfr3         0000
__Lspace_0               (abs)        0000
__Lspace_1               (abs)        0000
__Lspace_2               (abs)        0000
__Lspace_3               (abs)        0000
__Lspace_4               (abs)        0000
__Lstack                 stack        0000
__Lstrings               strings      0000
__Ltext                  text         0000
__S0                     (abs)        0289
__S1                     (abs)        007E
__S3                     (abs)        0000
___int_sp                stack        0000
___latbits               (abs)        0002
___sp                    stack        0000
___stackhi               (abs)        0000
___stacklo               (abs)        0000
__end_of__initialization cinit        0015
__end_of_isr             text6        0144
__end_of_main            maintext     01E2
__end_of_read_EEPROM     text8        0264
__end_of_setup           text5        0237
__end_of_start_I2C       text3        0281
__end_of_stop_I2C        text2        0278
__end_of_wait_I2C        text4        0289
__end_of_write_EEPROM    text7        0257
__end_of_write_I2C       text1        026F
__initialization         cinit        000F
__pbssCOMMON             bssCOMMON    0078
__pcstackBANK0           cstackBANK0  0020
__pcstackCOMMON          cstackCOMMON 0070
__pintentry              intentry     0004
__pmaintext              maintext     0144
__ptext1                 text1        0264
__ptext2                 text2        026F
__ptext3                 text3        0278
__ptext4                 text4        0281
__ptext5                 text5        01E2
__ptext6                 text6        0019
__ptext7                 text7        0237
__ptext8                 text8        0257
_data                    bssCOMMON    0078
_isr                     text6        0019
_main                    maintext     0144
_modo                    bssCOMMON    007D
_read_EEPROM             text8        0257
_setup                   text5        01E2
_start_I2C               text3        0278
_stop_I2C                text2        026F
_wait_I2C                text4        0281
_write_EEPROM            text7        0237
_write_I2C               text1        0264
btemp                    (abs)        007E
end_of_initialization    cinit        0015
interrupt_function       intentry     0004
intlevel0                functab      0000
intlevel1                functab      0000
intlevel2                functab      0000
intlevel3                functab      0000
intlevel4                functab      0000
intlevel5                functab      0000
read_EEPROM@address      cstackCOMMON 0070
reset_vec                reset_vec    0000
saved_w                  (abs)        007E
start                    init         000C
start_initialization     cinit        000F
write_EEPROM@address     cstackCOMMON 0073
write_EEPROM@data        cstackCOMMON 0070
write_I2C@data           cstackBANK0  0020
wtemp0                   (abs)        007E


MODULE INFORMATION

Module		Function		Class		Link	Load	Size
main_M.c
		_stop_I2C      		CODE           	026F	0000	9
		_main          		CODE           	0144	0000	158
		_write_I2C     		CODE           	0264	0000	11
		_isr           		CODE           	0019	0000	299
		_start_I2C     		CODE           	0278	0000	9
		_wait_I2C      		CODE           	0281	0000	8
		_setup         		CODE           	01E2	0000	85
		_read_EEPROM   		CODE           	0257	0000	13
		_write_EEPROM  		CODE           	0237	0000	32

main_M.c estimated size: 624

shared
		__initialization		CODE           	000F	0000	6

shared estimated size: 6

